// Jest Snapshot v1, https://goo.gl/fbAQLP

exports[`Home renders correctly 1`] = `
<div
  className="sc-bdvvtL bVewFv"
>
  <div
    className="sc-gsDKAQ jZUonc"
  />
  <div
    className="sc-dkPtRN iFhKdz"
  />
  <header
    className="MuiPaper-root MuiAppBar-root WithStyles(ForwardRef(AppBar))-root-3 MuiAppBar-positionStatic MuiAppBar-colorPrimary MuiPaper-elevation4"
  >
    <div
      className="MuiToolbar-root MuiToolbar-regular MuiToolbar-gutters"
    >
      <div
        className="sc-hKwDye kJcUYp"
      >
        <a
          aria-current="page"
          className="active"
          href="/"
          onClick={[Function]}
          style={Object {}}
        >
          <img
            alt="Logo"
            src="logo.svg"
          />
        </a>
      </div>
      <div
        className="sc-eCImPb eTOskA"
      >
        <a
          aria-current="page"
          className="home-link active"
          href="/"
          onClick={[Function]}
          style={
            Object {
              "color": "#d62828",
            }
          }
        >
          Home
        </a>
        <a
          aria-current={null}
          className="info-link"
          href="/info"
          onClick={[Function]}
        >
          <button
            className="sc-jRQBWg dmdrSt"
          >
            Information
          </button>
        </a>
      </div>
      <div
        className="sc-gKclnd eZKPIm"
      >
        <button
          aria-label="menu"
          className="MuiButtonBase-root MuiIconButton-root WithStyles(ForwardRef(IconButton))-root-4 MuiIconButton-edgeEnd"
          disabled={false}
          onBlur={[Function]}
          onClick={[Function]}
          onDragLeave={[Function]}
          onFocus={[Function]}
          onKeyDown={[Function]}
          onKeyUp={[Function]}
          onMouseDown={[Function]}
          onMouseLeave={[Function]}
          onMouseUp={[Function]}
          onTouchEnd={[Function]}
          onTouchMove={[Function]}
          onTouchStart={[Function]}
          tabIndex={0}
          type="button"
        >
          <span
            className="MuiIconButton-label"
          >
            <svg
              aria-hidden={true}
              className="MuiSvgIcon-root"
              focusable="false"
              viewBox="0 0 24 24"
            >
              <path
                d="M3 18h18v-2H3v2zm0-5h18v-2H3v2zm0-7v2h18V6H3z"
              />
            </svg>
          </span>
        </button>
      </div>
    </div>
  </header>
  <div>
    <div
      className="sc-bkkeKt eQjasW"
      id="covid-data"
    >
      <div
        className="sc-hBUSln iLUidA"
        id="api-error"
      >
        <div
          className="sc-fotOHu cMAMha"
        >
          <svg
            className="spinner"
            fill="currentColor"
            height="1em"
            icon="spinner"
            stroke="currentColor"
            strokeWidth="0"
            style={
              Object {
                "color": undefined,
              }
            }
            viewBox="0 0 512 512"
            width="1em"
            xmlns="http://www.w3.org/2000/svg"
          >
            <path
              d="M304 48c0 26.51-21.49 48-48 48s-48-21.49-48-48 21.49-48 48-48 48 21.49 48 48zm-48 368c-26.51 0-48 21.49-48 48s21.49 48 48 48 48-21.49 48-48-21.49-48-48-48zm208-208c-26.51 0-48 21.49-48 48s21.49 48 48 48 48-21.49 48-48-21.49-48-48-48zM96 256c0-26.51-21.49-48-48-48S0 229.49 0 256s21.49 48 48 48 48-21.49 48-48zm12.922 99.078c-26.51 0-48 21.49-48 48s21.49 48 48 48 48-21.49 48-48c0-26.509-21.491-48-48-48zm294.156 0c-26.51 0-48 21.49-48 48s21.49 48 48 48 48-21.49 48-48c0-26.509-21.49-48-48-48zM108.922 60.922c-26.51 0-48 21.49-48 48s21.49 48 48 48 48-21.49 48-48-21.491-48-48-48z"
            />
          </svg>
        </div>
        <div
          className="sc-fFeiMQ chGJUV"
        >
          <h1>
            Fetching Data...
          </h1>
        </div>
      </div>
    </div>
  </div>
  <div
    className="sc-bYoBSM hIWaMD"
    id="footer"
  >
    <p>
      Design and Built by De Jong Yeong Â© 
      2021
       | Data Source: 
      <a
        href="https://disease.sh/"
      >
        Open Disease Data API
      </a>
    </p>
  </div>
</div>
`;
